14:00 - 15:45 = 1:45
16:08 - 16:58 = 0:50
                ----
                2:35