23:01 - 03:01 = 4:00
                ----
                4:00