14:01 - 14:05 = 0:04
12:42 - 12:48 = 0:06
23:24 - 01:13 = 1:49
                ----
                1:59