14:00 - 15:40 = 1:40
16:08 - 16:28 = 0:20
                ----
                2:00