11:40 - 13:30 = 1:50
14:18 - 16:34 = 2:16
                ----
                4:06